211
311
151
0
811
911
0
0
0
421
521
271
821
1021
2111
2131
331
431
631
317
193
1103
3121
0
541
641
0
941
4111
0
0
751
0
5101
1511
5113
661
761
691
6101
6121
6131
0
971
1171
7121
881
8101
8111
1381
991
1109
1291
1913
10111
12101
0
11311
0
13121
223
227
229
2213
233
523
263
823
293
2311
1223
0
4211
0
257
0
0
269
6211
727
827
0
7211
7213
829
0
929
1129
2129
21011
21013
21211
11213
21313
433
353
733
383
1033
0
3313
443
643
743
439
0
0
4133
0
653
853
953
5113
0
673
863
1063
6311
6133
773
937
7103
1237
3137
883
983
8311
8123
9103
9311
9133
10103
0
31013
11311
12113
0
13313
449
0
547
0
5413
647
0
0
487
947
7411
4127
0
4813
499
1049
4129
9413
41011
11411
41113
41213
557
0
0
659
0
757
857
5107
5711
0
859
8513
599
9511
1259
0
10513
12511
0
13513
0
0
0
677
967
0
0
1367
0
0
1069
6911
9613
10613
0
61211
12613
13613
877
977
0
7127
887
1087
8117
8713
997
7109
9127
9137
71011
12107
11117
13711
0
13127
0
0
0
9811
1289
0
81013
0
11813
0
9109
0
1399
0
12109
13109
11119
12911
0
13913
0
101111
131011
121013
111211
131111
0
131311
0
131213
0.198548[s]
